// Jest Snapshot v1, https://goo.gl/fbAQLP

exports[`Testing Slide1 component should render correctly 1`] = `
<View
  level={20}
  style={
    Object {
      "alignItems": "center",
      "backgroundColor": "#212121",
      "flex": 1,
      "justifyContent": "center",
    }
  }
>
  <index
    iconHeight={38}
    iconWidth={38}
    titleCategory="h1"
  />
  <TextComponent
    category="p2"
    style={
      Object {
        "color": "#1db954",
        "fontWeight": "bold",
      }
    }
  >
    Planos de Telefonia
  </TextComponent>
  <Image
    source={
      Object {
        "testUri": "../../../src/assets/images/vizerLogo.png",
      }
    }
    style={
      Object {
        "bottom": 50,
        "height": 50,
        "position": "absolute",
        "resizeMode": "stretch",
        "width": 150,
      }
    }
  />
</View>
`;
