// Jest Snapshot v1, https://goo.gl/fbAQLP

exports[`Testing NewConsultButton component should render correctly 1`] = `
<ButtonComponent
  onPress={[MockFunction]}
  size="large"
  style={Object {}}
>
  Some text
</ButtonComponent>
`;
